test logfile
